{
  "$schema": "http://json-schema.org/draft-04/schema#",
  "title": "ProductModel",
  "type": "object",
  "additionalProperties": false,
  "properties": {
    "Id": {
      "type": "string",
      "format": "guid"
    },
    "Code": {
      "type": [
        "null",
        "string"
      ]
    },
    "Name": {
      "type": [
        "null",
        "string"
      ]
    },
    "Description": {
      "type": [
        "null",
        "string"
      ]
    }
  }
}